// Jest Snapshot v1, https://goo.gl/fbAQLP

exports[`App should match the snapshot with all data passed in correctly 1`] = `
<main
  className="App"
>
  <header
    className="App-header"
  >
    <img
      alt="Turing Logo"
      className="App-header-logo"
      height="100px"
      src="https://d682ma8ami8n4.cloudfront.net/images/TuringSchool_LogoMark_Gray.png"
      width="100px"
    />
    <h1>
      TURING YEARBOOK
    </h1>
    <PersonForm
      addNewPerson={[Function]}
      className="form"
    />
  </header>
  <Cohort
    data={
      Array [
        Object {
          "id": 1,
          "name": "Eric",
          "photo": "./eric.jpg",
          "quote": "You miss all the shots you don't take.",
          "superlative": "Most Likely to Win the PGA",
        },
        Object {
          "id": 2,
          "name": "Amy",
          "photo": "./amy.jpg",
          "quote": "I believe in you, cuties!",
          "superlative": "Most Likely to Be an Actual Superhero",
        },
        Object {
          "id": 3,
          "name": "Khalid",
          "photo": "./khalid.png",
          "quote": "Don't put the world on your shoulders.",
          "superlative": "Most Likely to Save the Planet from Alien Invasion",
        },
        Object {
          "id": 4,
          "name": "Travis",
          "photo": "./travis.jpg",
          "quote": "You do you.",
          "superlative": "Most Likely to Win a Grammy",
        },
        Object {
          "id": 5,
          "name": "Leta",
          "photo": "./leta.jpg",
          "quote": "It's okay to be kind of a mess.",
          "superlative": "Most Likely to Go to the Moon",
        },
        Object {
          "id": 6,
          "name": "Christie",
          "photo": "./christie.jpg",
          "quote": "Every journey begins with a single step. So take the damn step!",
          "superlative": "Most Likely to Be President",
        },
        Object {
          "id": 7,
          "name": "Brittany",
          "photo": "./brittany.jpg",
          "quote": "It was Robbie.",
          "superlative": "Most Likely to Get Away with Murder",
        },
        Object {
          "id": 8,
          "name": "Robbie",
          "photo": "./robbie.jpg",
          "quote": "Cool.",
          "superlative": "Most Likely to Be Accused of Murder",
        },
        Object {
          "id": 9,
          "name": "Will",
          "photo": "./will.jpg",
          "quote": "Stop worrying and just do the thing.",
          "superlative": "Most Likely to Invent Cold Fusion",
        },
        Object {
          "id": 10,
          "name": "Pam",
          "photo": "./pam.jpg",
          "quote": "Shit!",
          "superlative": "Most Likely to Win a Gold Medal",
        },
        Object {
          "id": 11,
          "name": "David",
          "photo": "./david.JPG",
          "quote": "I love git.",
          "superlative": "Most Likely to Be Eaten by a Shark",
        },
        Object {
          "id": 12,
          "name": "Louisa",
          "photo": "./louisa.jpg",
          "quote": "YOLO",
          "superlative": "Most Likely to Win a Knife Fight",
        },
        Object {
          "id": 13,
          "name": "Jeff",
          "photo": "https://i.ytimg.com/vi/DhqzMc_LXgQ/maxresdefault.jpg",
          "quote": "::thoughtful nonsense::",
          "superlative": "Most Likely to Tell a Dad Joke",
        },
      ]
    }
    deletePerson={[Function]}
    title="Staff"
    updatePerson={[Function]}
  />
  <Cohort
    data={
      Array [
        Object {
          "id": 21,
          "name": "Dr. Suess",
          "photo": "https://placekitten.com/200/300",
          "quote": "Don't cry because it's over, smile because it happened",
          "superlative": "",
        },
        Object {
          "id": 22,
          "name": "Oscar Wilde",
          "photo": "https://placekitten.com/200/300",
          "quote": "Be yourself; everyone else is already taken",
          "superlative": "",
        },
        Object {
          "id": 23,
          "name": "Frank Zappa",
          "photo": "https://placekitten.com/200/300",
          "quote": "So many books, so little time.",
          "superlative": "",
        },
        Object {
          "id": 24,
          "name": "Alice Walker",
          "photo": "https://placekitten.com/200/300",
          "quote": "Expect nothing, live frugally on surprise",
          "superlative": "Funniest",
        },
        Object {
          "id": 25,
          "name": "Anais Nin",
          "photo": "https://placekitten.com/200/300",
          "quote": "People living deeply have no fear of death.",
          "superlative": "Most Clever",
        },
        Object {
          "id": 26,
          "name": "Confucius",
          "photo": "https://placekitten.com/200/300",
          "quote": "Everything has beauty, but not everyone sees it.",
          "superlative": "Boldest",
        },
        Object {
          "id": 27,
          "name": "Katherine Hepbur",
          "photo": "https://placekitten.com/200/300",
          "quote": "If you obey all the rules, you miss all the fun.",
          "superlative": "Cleanest",
        },
        Object {
          "id": 28,
          "name": "Maya Angelou",
          "photo": "https://placekitten.com/200/300",
          "quote": "Nothing will work unless you do.",
          "superlative": "Gentlest",
        },
        Object {
          "id": 29,
          "name": "Sophia Loren",
          "photo": "https://placekitten.com/200/300",
          "quote": "Mistakes are part of the dues that one pays for a full life.",
          "superlative": "Grandest",
        },
        Object {
          "id": 210,
          "name": "Robin Sharma",
          "photo": "https://placekitten.com/200/300",
          "quote": "The mind is a wonderful servant but a terrible master.",
          "superlative": "Kindest",
        },
        Object {
          "id": 211,
          "name": "Ed Sheeran",
          "photo": "https://placekitten.com/200/300",
          "quote": "Success is the best revenge for anything.",
          "superlative": "Loudest",
        },
        Object {
          "id": 212,
          "name": "Unknown",
          "photo": "https://placekitten.com/200/300",
          "quote": "Don't stumble over something behind you.",
          "superlative": "Oddest",
        },
        Object {
          "id": 213,
          "name": "Desmond Tutu",
          "photo": "https://placekitten.com/200/300",
          "quote": "Don't raise your voice. Improve your argument.",
          "superlative": "Proudest",
        },
        Object {
          "id": 214,
          "name": "John Lennon",
          "photo": "https://placekitten.com/200/300",
          "quote": "Don't hate what you don't understand",
          "superlative": "Safest",
        },
        Object {
          "id": 215,
          "name": "Anne Frank",
          "photo": "https://placekitten.com/200/300",
          "quote": "No one has ever become poor by giving",
          "superlative": "Strictest",
        },
        Object {
          "id": 216,
          "name": "Mother Teresa",
          "photo": "https://placekitten.com/200/300",
          "quote": "If you judge people you have no time to love them.",
          "superlative": "Truest",
        },
        Object {
          "id": 217,
          "name": "Bertrand Russel",
          "photo": "https://placekitten.com/200/300",
          "quote": "The good life is inspired by love and guided by knowledge.",
          "superlative": "Weirdest",
        },
        Object {
          "id": 218,
          "name": "Carl Sandburg",
          "photo": "https://placekitten.com/200/300",
          "quote": "Our lives are like a candle in the wind.",
          "superlative": "Youngest",
        },
        Object {
          "id": 219,
          "name": "Unknown",
          "photo": "https://placekitten.com/200/300",
          "quote": "Be a voice not an echo. ",
          "superlative": "Bossiest",
        },
        Object {
          "id": 220,
          "name": "French proverb",
          "photo": "https://placekitten.com/200/300",
          "quote": "It is not only necessary to love, it is necessary to say so.",
          "superlative": "Classiest",
        },
        Object {
          "id": 221,
          "name": "Unknown",
          "photo": "https://placekitten.com/200/300",
          "quote": "Love is great when you find someone to give it to. ",
          "superlative": "Crunchiest",
        },
        Object {
          "id": 222,
          "name": "Camilla Saunders",
          "photo": "https://placekitten.com/200/300",
          "quote": "Love is neither true or false, love is love. ",
          "superlative": "Earliest",
        },
        Object {
          "id": 223,
          "name": "Unknown",
          "photo": "https://placekitten.com/200/300",
          "quote": "Man loves little and often: Woman much and rarely.",
          "superlative": "Hungriest",
        },
        Object {
          "id": 224,
          "name": "Pierre Corneille",
          "photo": "https://placekitten.com/200/300",
          "quote": "Reason and love are sworn enemies.",
          "superlative": "Most Gullible",
        },
        Object {
          "id": 225,
          "name": "George Sand",
          "photo": "https://placekitten.com/200/300",
          "quote": "There is only one happiness in life - to love and to be loved.",
          "superlative": "Most Wonderful",
        },
        Object {
          "id": 226,
          "name": "Mahatma Gandhi",
          "photo": "https://placekitten.com/200/300",
          "quote": "Where there is love there is life.",
          "superlative": "Most Powerful",
        },
      ]
    }
    deletePerson={[Function]}
    title="Students"
    updatePerson={[Function]}
  />
</main>
`;
